// Jest Snapshot v1, https://goo.gl/fbAQLP

exports[`ProductList.vue match snapshot 1`] = `
<div>
  <div><button class="button">test!</button>
    <p>T-shirts</p>
  </div> <button>store</button>
</div>
`;
